  Determining projects to restore...
  All projects are up-to-date for restore.
E:\Graduation Project\ArabianHorseSystem\Services\NewsScraperService.cs(60,42): error CS1061: 'DatabaseFacade' does not contain a definition for 'ExecuteSqlRawAsync' and no accessible extension method 'ExecuteSqlRawAsync' accepting a first argument of type 'DatabaseFacade' could be found (are you missing a using directive or an assembly reference?) [E:\Graduation Project\ArabianHorseSystem\ArabianHorseSystem.csproj]
E:\Graduation Project\ArabianHorseSystem\Services\NewsScraperService.cs(92,39): warning CS8601: Possible null reference assignment. [E:\Graduation Project\ArabianHorseSystem\ArabianHorseSystem.csproj]

Build FAILED.

E:\Graduation Project\ArabianHorseSystem\Services\NewsScraperService.cs(92,39): warning CS8601: Possible null reference assignment. [E:\Graduation Project\ArabianHorseSystem\ArabianHorseSystem.csproj]
E:\Graduation Project\ArabianHorseSystem\Services\NewsScraperService.cs(60,42): error CS1061: 'DatabaseFacade' does not contain a definition for 'ExecuteSqlRawAsync' and no accessible extension method 'ExecuteSqlRawAsync' accepting a first argument of type 'DatabaseFacade' could be found (are you missing a using directive or an assembly reference?) [E:\Graduation Project\ArabianHorseSystem\ArabianHorseSystem.csproj]
    1 Warning(s)
    1 Error(s)

Time Elapsed 00:00:01.22
