  Determining projects to restore...
  All projects are up-to-date for restore.
E:\Graduation Project\ArabianHorseSystem\Models\Message.cs(21,23): warning CS8618: Non-nullable property 'Content' must contain a non-null value when exiting constructor. Consider adding the 'required' modifier or declaring the property as nullable. [E:\Graduation Project\ArabianHorseSystem\ArabianHorseSystem.csproj]
E:\Graduation Project\ArabianHorseSystem\Models\Message.cs(23,23): warning CS8618: Non-nullable property 'Subject' must contain a non-null value when exiting constructor. Consider adding the 'required' modifier or declaring the property as nullable. [E:\Graduation Project\ArabianHorseSystem\ArabianHorseSystem.csproj]
E:\Graduation Project\ArabianHorseSystem\Models\Message.cs(34,29): warning CS8618: Non-nullable property 'Sender' must contain a non-null value when exiting constructor. Consider adding the 'required' modifier or declaring the property as nullable. [E:\Graduation Project\ArabianHorseSystem\ArabianHorseSystem.csproj]
E:\Graduation Project\ArabianHorseSystem\Models\Message.cs(37,29): warning CS8618: Non-nullable property 'Receiver' must contain a non-null value when exiting constructor. Consider adding the 'required' modifier or declaring the property as nullable. [E:\Graduation Project\ArabianHorseSystem\ArabianHorseSystem.csproj]
E:\Graduation Project\ArabianHorseSystem\Models\Bid.cs(14,32): warning CS8618: Non-nullable property 'Auction' must contain a non-null value when exiting constructor. Consider adding the 'required' modifier or declaring the property as nullable. [E:\Graduation Project\ArabianHorseSystem\ArabianHorseSystem.csproj]
E:\Graduation Project\ArabianHorseSystem\Models\Bid.cs(18,29): warning CS8618: Non-nullable property 'Bidder' must contain a non-null value when exiting constructor. Consider adding the 'required' modifier or declaring the property as nullable. [E:\Graduation Project\ArabianHorseSystem\ArabianHorseSystem.csproj]
E:\Graduation Project\ArabianHorseSystem\Controllers\NewsController.cs(245,23): warning CS8618: Non-nullable property 'Title' must contain a non-null value when exiting constructor. Consider adding the 'required' modifier or declaring the property as nullable. [E:\Graduation Project\ArabianHorseSystem\ArabianHorseSystem.csproj]
E:\Graduation Project\ArabianHorseSystem\Controllers\NewsController.cs(246,23): warning CS8618: Non-nullable property 'Description' must contain a non-null value when exiting constructor. Consider adding the 'required' modifier or declaring the property as nullable. [E:\Graduation Project\ArabianHorseSystem\ArabianHorseSystem.csproj]
E:\Graduation Project\ArabianHorseSystem\Controllers\NewsController.cs(247,23): warning CS8618: Non-nullable property 'Content' must contain a non-null value when exiting constructor. Consider adding the 'required' modifier or declaring the property as nullable. [E:\Graduation Project\ArabianHorseSystem\ArabianHorseSystem.csproj]
E:\Graduation Project\ArabianHorseSystem\Controllers\NewsController.cs(248,26): warning CS8618: Non-nullable property 'Image' must contain a non-null value when exiting constructor. Consider adding the 'required' modifier or declaring the property as nullable. [E:\Graduation Project\ArabianHorseSystem\ArabianHorseSystem.csproj]
E:\Graduation Project\ArabianHorseSystem\Services\NewsService.cs(217,23): warning CS8618: Non-nullable property 'content' must contain a non-null value when exiting constructor. Consider adding the 'required' modifier or declaring the property as nullable. [E:\Graduation Project\ArabianHorseSystem\ArabianHorseSystem.csproj]
E:\Graduation Project\ArabianHorseSystem\Controllers\NewsController.cs(240,23): warning CS8618: Non-nullable property 'Query' must contain a non-null value when exiting constructor. Consider adding the 'required' modifier or declaring the property as nullable. [E:\Graduation Project\ArabianHorseSystem\ArabianHorseSystem.csproj]
E:\Graduation Project\ArabianHorseSystem\Services\NewsService.cs(212,34): warning CS8618: Non-nullable property 'message' must contain a non-null value when exiting constructor. Consider adding the 'required' modifier or declaring the property as nullable. [E:\Graduation Project\ArabianHorseSystem\ArabianHorseSystem.csproj]
E:\Graduation Project\ArabianHorseSystem\Services\NewsService.cs(207,39): warning CS8618: Non-nullable property 'choices' must contain a non-null value when exiting constructor. Consider adding the 'required' modifier or declaring the property as nullable. [E:\Graduation Project\ArabianHorseSystem\ArabianHorseSystem.csproj]
E:\Graduation Project\ArabianHorseSystem\Services\NewsService.cs(37,25): warning CS8603: Possible null reference return. [E:\Graduation Project\ArabianHorseSystem\ArabianHorseSystem.csproj]
E:\Graduation Project\ArabianHorseSystem\Services\NewsService.cs(48,34): warning CS8600: Converting null literal or possible null value to non-nullable type. [E:\Graduation Project\ArabianHorseSystem\ArabianHorseSystem.csproj]
E:\Graduation Project\ArabianHorseSystem\Services\NewsService.cs(49,39): warning CS8600: Converting null literal or possible null value to non-nullable type. [E:\Graduation Project\ArabianHorseSystem\ArabianHorseSystem.csproj]
E:\Graduation Project\ArabianHorseSystem\Controllers\NewsController.cs(101,24): warning CS8604: Possible null reference argument for parameter 'value' in 'ActionResult<object>.implicit operator ActionResult<object>(object value)'. [E:\Graduation Project\ArabianHorseSystem\ArabianHorseSystem.csproj]
E:\Graduation Project\ArabianHorseSystem\Services\NewsService.cs(134,32): warning CS8602: Dereference of a possibly null reference. [E:\Graduation Project\ArabianHorseSystem\ArabianHorseSystem.csproj]
E:\Graduation Project\ArabianHorseSystem\Controllers\NewsController.cs(176,60): warning CS8602: Dereference of a possibly null reference. [E:\Graduation Project\ArabianHorseSystem\ArabianHorseSystem.csproj]
E:\Graduation Project\ArabianHorseSystem\Controllers\NewsController.cs(189,37): warning CS8600: Converting null literal or possible null value to non-nullable type. [E:\Graduation Project\ArabianHorseSystem\ArabianHorseSystem.csproj]
E:\Graduation Project\ArabianHorseSystem\Controllers\AuctionController.cs(60,33): warning CS8602: Dereference of a possibly null reference. [E:\Graduation Project\ArabianHorseSystem\ArabianHorseSystem.csproj]
E:\Graduation Project\ArabianHorseSystem\Controllers\AuctionController.cs(296,23): warning CS8618: Non-nullable property 'Name' must contain a non-null value when exiting constructor. Consider adding the 'required' modifier or declaring the property as nullable. [E:\Graduation Project\ArabianHorseSystem\ArabianHorseSystem.csproj]
E:\Graduation Project\ArabianHorseSystem\Controllers\AuctionController.cs(301,23): warning CS8618: Non-nullable property 'MicrochipId' must contain a non-null value when exiting constructor. Consider adding the 'required' modifier or declaring the property as nullable. [E:\Graduation Project\ArabianHorseSystem\ArabianHorseSystem.csproj]
E:\Graduation Project\ArabianHorseSystem\Controllers\MessageController.cs(130,23): warning CS8618: Non-nullable property 'Subject' must contain a non-null value when exiting constructor. Consider adding the 'required' modifier or declaring the property as nullable. [E:\Graduation Project\ArabianHorseSystem\ArabianHorseSystem.csproj]
E:\Graduation Project\ArabianHorseSystem\Controllers\MessageController.cs(131,23): warning CS8618: Non-nullable property 'Content' must contain a non-null value when exiting constructor. Consider adding the 'required' modifier or declaring the property as nullable. [E:\Graduation Project\ArabianHorseSystem\ArabianHorseSystem.csproj]
E:\Graduation Project\ArabianHorseSystem\Controllers\AuctionController.cs(75,57): warning CS8602: Dereference of a possibly null reference. [E:\Graduation Project\ArabianHorseSystem\ArabianHorseSystem.csproj]
E:\Graduation Project\ArabianHorseSystem\Controllers\AuctionController.cs(75,83): warning CS8602: Dereference of a possibly null reference. [E:\Graduation Project\ArabianHorseSystem\ArabianHorseSystem.csproj]
E:\Graduation Project\ArabianHorseSystem\Controllers\AuctionController.cs(110,36): warning CS8604: Possible null reference argument for parameter 's' in 'int int.Parse(string s)'. [E:\Graduation Project\ArabianHorseSystem\ArabianHorseSystem.csproj]
E:\Graduation Project\ArabianHorseSystem\Controllers\AuctionController.cs(117,41): warning CS8602: Dereference of a possibly null reference. [E:\Graduation Project\ArabianHorseSystem\ArabianHorseSystem.csproj]
E:\Graduation Project\ArabianHorseSystem\Controllers\AuctionController.cs(182,36): warning CS8604: Possible null reference argument for parameter 's' in 'int int.Parse(string s)'. [E:\Graduation Project\ArabianHorseSystem\ArabianHorseSystem.csproj]
E:\Graduation Project\ArabianHorseSystem\Controllers\AuctionController.cs(185,18): warning CS8602: Dereference of a possibly null reference. [E:\Graduation Project\ArabianHorseSystem\ArabianHorseSystem.csproj]
E:\Graduation Project\ArabianHorseSystem\Controllers\AuctionController.cs(223,36): warning CS8604: Possible null reference argument for parameter 's' in 'int int.Parse(string s)'. [E:\Graduation Project\ArabianHorseSystem\ArabianHorseSystem.csproj]
E:\Graduation Project\ArabianHorseSystem\Controllers\AuctionController.cs(226,13): warning CS8602: Dereference of a possibly null reference. [E:\Graduation Project\ArabianHorseSystem\ArabianHorseSystem.csproj]
E:\Graduation Project\ArabianHorseSystem\Controllers\JoinController.cs(111,25): error CS0117: 'EquineVet' does not contain a definition for 'Ssn' [E:\Graduation Project\ArabianHorseSystem\ArabianHorseSystem.csproj]
E:\Graduation Project\ArabianHorseSystem\Controllers\JoinController.cs(112,25): error CS0117: 'EquineVet' does not contain a definition for 'VeterinaryLicense' [E:\Graduation Project\ArabianHorseSystem\ArabianHorseSystem.csproj]
E:\Graduation Project\ArabianHorseSystem\Controllers\JoinController.cs(62,68): warning CS8602: Dereference of a possibly null reference. [E:\Graduation Project\ArabianHorseSystem\ArabianHorseSystem.csproj]
E:\Graduation Project\ArabianHorseSystem\Controllers\AuctionController.cs(238,36): warning CS8604: Possible null reference argument for parameter 's' in 'int int.Parse(string s)'. [E:\Graduation Project\ArabianHorseSystem\ArabianHorseSystem.csproj]
E:\Graduation Project\ArabianHorseSystem\Controllers\AuctionController.cs(270,13): warning CS8602: Dereference of a possibly null reference. [E:\Graduation Project\ArabianHorseSystem\ArabianHorseSystem.csproj]
E:\Graduation Project\ArabianHorseSystem\Controllers\HorseController.cs(33,35): warning CS8602: Dereference of a possibly null reference. [E:\Graduation Project\ArabianHorseSystem\ArabianHorseSystem.csproj]
E:\Graduation Project\ArabianHorseSystem\Controllers\HorseController.cs(324,57): warning CS8602: Dereference of a possibly null reference. [E:\Graduation Project\ArabianHorseSystem\ArabianHorseSystem.csproj]

Build FAILED.

E:\Graduation Project\ArabianHorseSystem\Models\Message.cs(21,23): warning CS8618: Non-nullable property 'Content' must contain a non-null value when exiting constructor. Consider adding the 'required' modifier or declaring the property as nullable. [E:\Graduation Project\ArabianHorseSystem\ArabianHorseSystem.csproj]
E:\Graduation Project\ArabianHorseSystem\Models\Message.cs(23,23): warning CS8618: Non-nullable property 'Subject' must contain a non-null value when exiting constructor. Consider adding the 'required' modifier or declaring the property as nullable. [E:\Graduation Project\ArabianHorseSystem\ArabianHorseSystem.csproj]
E:\Graduation Project\ArabianHorseSystem\Models\Message.cs(34,29): warning CS8618: Non-nullable property 'Sender' must contain a non-null value when exiting constructor. Consider adding the 'required' modifier or declaring the property as nullable. [E:\Graduation Project\ArabianHorseSystem\ArabianHorseSystem.csproj]
E:\Graduation Project\ArabianHorseSystem\Models\Message.cs(37,29): warning CS8618: Non-nullable property 'Receiver' must contain a non-null value when exiting constructor. Consider adding the 'required' modifier or declaring the property as nullable. [E:\Graduation Project\ArabianHorseSystem\ArabianHorseSystem.csproj]
E:\Graduation Project\ArabianHorseSystem\Models\Bid.cs(14,32): warning CS8618: Non-nullable property 'Auction' must contain a non-null value when exiting constructor. Consider adding the 'required' modifier or declaring the property as nullable. [E:\Graduation Project\ArabianHorseSystem\ArabianHorseSystem.csproj]
E:\Graduation Project\ArabianHorseSystem\Models\Bid.cs(18,29): warning CS8618: Non-nullable property 'Bidder' must contain a non-null value when exiting constructor. Consider adding the 'required' modifier or declaring the property as nullable. [E:\Graduation Project\ArabianHorseSystem\ArabianHorseSystem.csproj]
E:\Graduation Project\ArabianHorseSystem\Controllers\NewsController.cs(245,23): warning CS8618: Non-nullable property 'Title' must contain a non-null value when exiting constructor. Consider adding the 'required' modifier or declaring the property as nullable. [E:\Graduation Project\ArabianHorseSystem\ArabianHorseSystem.csproj]
E:\Graduation Project\ArabianHorseSystem\Controllers\NewsController.cs(246,23): warning CS8618: Non-nullable property 'Description' must contain a non-null value when exiting constructor. Consider adding the 'required' modifier or declaring the property as nullable. [E:\Graduation Project\ArabianHorseSystem\ArabianHorseSystem.csproj]
E:\Graduation Project\ArabianHorseSystem\Controllers\NewsController.cs(247,23): warning CS8618: Non-nullable property 'Content' must contain a non-null value when exiting constructor. Consider adding the 'required' modifier or declaring the property as nullable. [E:\Graduation Project\ArabianHorseSystem\ArabianHorseSystem.csproj]
E:\Graduation Project\ArabianHorseSystem\Controllers\NewsController.cs(248,26): warning CS8618: Non-nullable property 'Image' must contain a non-null value when exiting constructor. Consider adding the 'required' modifier or declaring the property as nullable. [E:\Graduation Project\ArabianHorseSystem\ArabianHorseSystem.csproj]
E:\Graduation Project\ArabianHorseSystem\Services\NewsService.cs(217,23): warning CS8618: Non-nullable property 'content' must contain a non-null value when exiting constructor. Consider adding the 'required' modifier or declaring the property as nullable. [E:\Graduation Project\ArabianHorseSystem\ArabianHorseSystem.csproj]
E:\Graduation Project\ArabianHorseSystem\Controllers\NewsController.cs(240,23): warning CS8618: Non-nullable property 'Query' must contain a non-null value when exiting constructor. Consider adding the 'required' modifier or declaring the property as nullable. [E:\Graduation Project\ArabianHorseSystem\ArabianHorseSystem.csproj]
E:\Graduation Project\ArabianHorseSystem\Services\NewsService.cs(212,34): warning CS8618: Non-nullable property 'message' must contain a non-null value when exiting constructor. Consider adding the 'required' modifier or declaring the property as nullable. [E:\Graduation Project\ArabianHorseSystem\ArabianHorseSystem.csproj]
E:\Graduation Project\ArabianHorseSystem\Services\NewsService.cs(207,39): warning CS8618: Non-nullable property 'choices' must contain a non-null value when exiting constructor. Consider adding the 'required' modifier or declaring the property as nullable. [E:\Graduation Project\ArabianHorseSystem\ArabianHorseSystem.csproj]
E:\Graduation Project\ArabianHorseSystem\Services\NewsService.cs(37,25): warning CS8603: Possible null reference return. [E:\Graduation Project\ArabianHorseSystem\ArabianHorseSystem.csproj]
E:\Graduation Project\ArabianHorseSystem\Services\NewsService.cs(48,34): warning CS8600: Converting null literal or possible null value to non-nullable type. [E:\Graduation Project\ArabianHorseSystem\ArabianHorseSystem.csproj]
E:\Graduation Project\ArabianHorseSystem\Services\NewsService.cs(49,39): warning CS8600: Converting null literal or possible null value to non-nullable type. [E:\Graduation Project\ArabianHorseSystem\ArabianHorseSystem.csproj]
E:\Graduation Project\ArabianHorseSystem\Controllers\NewsController.cs(101,24): warning CS8604: Possible null reference argument for parameter 'value' in 'ActionResult<object>.implicit operator ActionResult<object>(object value)'. [E:\Graduation Project\ArabianHorseSystem\ArabianHorseSystem.csproj]
E:\Graduation Project\ArabianHorseSystem\Services\NewsService.cs(134,32): warning CS8602: Dereference of a possibly null reference. [E:\Graduation Project\ArabianHorseSystem\ArabianHorseSystem.csproj]
E:\Graduation Project\ArabianHorseSystem\Controllers\NewsController.cs(176,60): warning CS8602: Dereference of a possibly null reference. [E:\Graduation Project\ArabianHorseSystem\ArabianHorseSystem.csproj]
E:\Graduation Project\ArabianHorseSystem\Controllers\NewsController.cs(189,37): warning CS8600: Converting null literal or possible null value to non-nullable type. [E:\Graduation Project\ArabianHorseSystem\ArabianHorseSystem.csproj]
E:\Graduation Project\ArabianHorseSystem\Controllers\AuctionController.cs(60,33): warning CS8602: Dereference of a possibly null reference. [E:\Graduation Project\ArabianHorseSystem\ArabianHorseSystem.csproj]
E:\Graduation Project\ArabianHorseSystem\Controllers\AuctionController.cs(296,23): warning CS8618: Non-nullable property 'Name' must contain a non-null value when exiting constructor. Consider adding the 'required' modifier or declaring the property as nullable. [E:\Graduation Project\ArabianHorseSystem\ArabianHorseSystem.csproj]
E:\Graduation Project\ArabianHorseSystem\Controllers\AuctionController.cs(301,23): warning CS8618: Non-nullable property 'MicrochipId' must contain a non-null value when exiting constructor. Consider adding the 'required' modifier or declaring the property as nullable. [E:\Graduation Project\ArabianHorseSystem\ArabianHorseSystem.csproj]
E:\Graduation Project\ArabianHorseSystem\Controllers\MessageController.cs(130,23): warning CS8618: Non-nullable property 'Subject' must contain a non-null value when exiting constructor. Consider adding the 'required' modifier or declaring the property as nullable. [E:\Graduation Project\ArabianHorseSystem\ArabianHorseSystem.csproj]
E:\Graduation Project\ArabianHorseSystem\Controllers\MessageController.cs(131,23): warning CS8618: Non-nullable property 'Content' must contain a non-null value when exiting constructor. Consider adding the 'required' modifier or declaring the property as nullable. [E:\Graduation Project\ArabianHorseSystem\ArabianHorseSystem.csproj]
E:\Graduation Project\ArabianHorseSystem\Controllers\AuctionController.cs(75,57): warning CS8602: Dereference of a possibly null reference. [E:\Graduation Project\ArabianHorseSystem\ArabianHorseSystem.csproj]
E:\Graduation Project\ArabianHorseSystem\Controllers\AuctionController.cs(75,83): warning CS8602: Dereference of a possibly null reference. [E:\Graduation Project\ArabianHorseSystem\ArabianHorseSystem.csproj]
E:\Graduation Project\ArabianHorseSystem\Controllers\AuctionController.cs(110,36): warning CS8604: Possible null reference argument for parameter 's' in 'int int.Parse(string s)'. [E:\Graduation Project\ArabianHorseSystem\ArabianHorseSystem.csproj]
E:\Graduation Project\ArabianHorseSystem\Controllers\AuctionController.cs(117,41): warning CS8602: Dereference of a possibly null reference. [E:\Graduation Project\ArabianHorseSystem\ArabianHorseSystem.csproj]
E:\Graduation Project\ArabianHorseSystem\Controllers\AuctionController.cs(182,36): warning CS8604: Possible null reference argument for parameter 's' in 'int int.Parse(string s)'. [E:\Graduation Project\ArabianHorseSystem\ArabianHorseSystem.csproj]
E:\Graduation Project\ArabianHorseSystem\Controllers\AuctionController.cs(185,18): warning CS8602: Dereference of a possibly null reference. [E:\Graduation Project\ArabianHorseSystem\ArabianHorseSystem.csproj]
E:\Graduation Project\ArabianHorseSystem\Controllers\AuctionController.cs(223,36): warning CS8604: Possible null reference argument for parameter 's' in 'int int.Parse(string s)'. [E:\Graduation Project\ArabianHorseSystem\ArabianHorseSystem.csproj]
E:\Graduation Project\ArabianHorseSystem\Controllers\AuctionController.cs(226,13): warning CS8602: Dereference of a possibly null reference. [E:\Graduation Project\ArabianHorseSystem\ArabianHorseSystem.csproj]
E:\Graduation Project\ArabianHorseSystem\Controllers\JoinController.cs(62,68): warning CS8602: Dereference of a possibly null reference. [E:\Graduation Project\ArabianHorseSystem\ArabianHorseSystem.csproj]
E:\Graduation Project\ArabianHorseSystem\Controllers\AuctionController.cs(238,36): warning CS8604: Possible null reference argument for parameter 's' in 'int int.Parse(string s)'. [E:\Graduation Project\ArabianHorseSystem\ArabianHorseSystem.csproj]
E:\Graduation Project\ArabianHorseSystem\Controllers\AuctionController.cs(270,13): warning CS8602: Dereference of a possibly null reference. [E:\Graduation Project\ArabianHorseSystem\ArabianHorseSystem.csproj]
E:\Graduation Project\ArabianHorseSystem\Controllers\HorseController.cs(33,35): warning CS8602: Dereference of a possibly null reference. [E:\Graduation Project\ArabianHorseSystem\ArabianHorseSystem.csproj]
E:\Graduation Project\ArabianHorseSystem\Controllers\HorseController.cs(324,57): warning CS8602: Dereference of a possibly null reference. [E:\Graduation Project\ArabianHorseSystem\ArabianHorseSystem.csproj]
E:\Graduation Project\ArabianHorseSystem\Controllers\JoinController.cs(111,25): error CS0117: 'EquineVet' does not contain a definition for 'Ssn' [E:\Graduation Project\ArabianHorseSystem\ArabianHorseSystem.csproj]
E:\Graduation Project\ArabianHorseSystem\Controllers\JoinController.cs(112,25): error CS0117: 'EquineVet' does not contain a definition for 'VeterinaryLicense' [E:\Graduation Project\ArabianHorseSystem\ArabianHorseSystem.csproj]
    39 Warning(s)
    2 Error(s)

Time Elapsed 00:00:03.61
